// Jest Snapshot v1, https://goo.gl/fbAQLP

exports[`App matches snapshot 1`] = `
<DocumentFragment>
  <div
    class="App container mt-5"
  >
    <h1
      class="text-center mb-4"
    >
      To-Do List
    </h1>
    <div
      class="Todos"
    >
      <div
        class="card bg-light mb-3"
      >
        <div
          class="card-body"
        >
          <form
            class="TodoForm row"
          >
            <div
              class="col-10"
            >
              <input
                class="form-control"
                id="task"
                name="task"
                placeholder="Enter a new task"
                type="text"
                value=""
              />
            </div>
            <div
              class="col-2"
            >
              <button
                class="btn btn-primary w-100"
                type="submit"
              >
                Add
              </button>
            </div>
          </form>
        </div>
      </div>
      <div
        class="mt-3"
      />
    </div>
  </div>
</DocumentFragment>
`;
